Flow report for Processor
Mon Nov 13 22:22:37 2017
Quartus II 32-bit Version 11.1 Build 259 01/25/2012 Service Pack 2 SJ Web Edition


---------------------
; Table of Contents ;
---------------------
  1. Legal Notice
  2. Flow Summary
  3. Flow Settings
  4. Flow Non-Default Global Settings
  5. Flow Elapsed Time
  6. Flow OS Summary
  7. Flow Log



----------------
; Legal Notice ;
----------------
Copyright (C) 1991-2011 Altera Corporation
Your use of Altera Corporation's design tools, logic functions 
and other software and tools, and its AMPP partner logic 
functions, and any output files from any of the foregoing 
(including device programming or simulation files), and any 
associated documentation or information are expressly subject 
to the terms and conditions of the Altera Program License 
Subscription Agreement, Altera MegaCore Function License 
Agreement, or other applicable license agreement, including, 
without limitation, that your use is for the sole purpose of 
programming logic devices manufactured by Altera and sold by 
Altera or its authorized distributors.  Please refer to the 
applicable agreement for further details.



+------------------------------------------------------------------------------------+
; Flow Summary                                                                       ;
+------------------------------------+-----------------------------------------------+
; Flow Status                        ; Successful - Mon Nov 13 22:22:37 2017         ;
; Quartus II 32-bit Version          ; 11.1 Build 259 01/25/2012 SP 2 SJ Web Edition ;
; Revision Name                      ; Processor                                     ;
; Top-level Entity Name              ; processor                                     ;
; Family                             ; Cyclone II                                    ;
; Total logic elements               ; 2,531 / 33,216 ( 8 % )                        ;
;     Total combinational functions  ; 2,487 / 33,216 ( 7 % )                        ;
;     Dedicated logic registers      ; 463 / 33,216 ( 1 % )                          ;
; Total registers                    ; 463                                           ;
; Total pins                         ; 396 / 475 ( 83 % )                            ;
; Total virtual pins                 ; 0                                             ;
; Total memory bits                  ; 24,576 / 483,840 ( 5 % )                      ;
; Embedded Multiplier 9-bit elements ; 0 / 70 ( 0 % )                                ;
; Total PLLs                         ; 0 / 4 ( 0 % )                                 ;
; Device                             ; EP2C35F672C6                                  ;
; Timing Models                      ; Final                                         ;
+------------------------------------+-----------------------------------------------+


+-----------------------------------------+
; Flow Settings                           ;
+-------------------+---------------------+
; Option            ; Setting             ;
+-------------------+---------------------+
; Start date & time ; 11/13/2017 22:12:16 ;
; Main task         ; Compilation         ;
; Revision Name     ; Processor           ;
+-------------------+---------------------+


+---------------------------------------------------------------------------------------------------------------------+
; Flow Non-Default Global Settings                                                                                    ;
+-------------------------------------+--------------------------------+---------------+-------------+----------------+
; Assignment Name                     ; Value                          ; Default Value ; Entity Name ; Section Id     ;
+-------------------------------------+--------------------------------+---------------+-------------+----------------+
; COMPILER_SIGNATURE_ID               ; 10995770589187.151063273510532 ; --            ; --          ; --             ;
; EDA_OUTPUT_DATA_FORMAT              ; Vhdl                           ; --            ; --          ; eda_simulation ;
; EDA_RUN_TOOL_AUTOMATICALLY          ; On                             ; --            ; --          ; eda_simulation ;
; EDA_SIMULATION_RUN_SCRIPT           ; project/phaseIII.do            ; --            ; --          ; eda_simulation ;
; EDA_SIMULATION_TOOL                 ; ModelSim-Altera (VHDL)         ; <None>        ; --          ; --             ;
; EDA_TEST_BENCH_ENABLE_STATUS        ; COMMAND_MACRO_MODE             ; --            ; --          ; eda_simulation ;
; PARTITION_COLOR                     ; 16764057                       ; --            ; processor   ; Top            ;
; PARTITION_FITTER_PRESERVATION_LEVEL ; PLACEMENT_AND_ROUTING          ; --            ; processor   ; Top            ;
; PARTITION_NETLIST_TYPE              ; SOURCE                         ; --            ; processor   ; Top            ;
; SMART_RECOMPILE                     ; On                             ; Off           ; --          ; --             ;
+-------------------------------------+--------------------------------+---------------+-------------+----------------+


+-------------------------------------------------------------------------------------------------------------------------------+
; Flow Elapsed Time                                                                                                             ;
+---------------------------+--------------+-------------------------+---------------------+------------------------------------+
; Module Name               ; Elapsed Time ; Average Processors Used ; Peak Virtual Memory ; Total CPU Time (on all processors) ;
+---------------------------+--------------+-------------------------+---------------------+------------------------------------+
; Analysis & Synthesis      ; 00:00:31     ; 1.0                     ; 411 MB              ; 00:00:31                           ;
; Fitter                    ; 00:00:26     ; 1.0                     ; 470 MB              ; 00:00:26                           ;
; Assembler                 ; 00:00:08     ; 1.0                     ; 393 MB              ; 00:00:07                           ;
; TimeQuest Timing Analyzer ; 00:00:55     ; 1.0                     ; 642 MB              ; 00:00:55                           ;
; EDA Netlist Writer        ; 00:00:06     ; 1.0                     ; 329 MB              ; 00:00:06                           ;
; MIF/HEX Update            ; 00:00:02     ; 1.0                     ; 345 MB              ; 00:00:02                           ;
; Assembler                 ; 00:00:06     ; 1.0                     ; 394 MB              ; 00:00:06                           ;
; EDA Netlist Writer        ; 00:00:06     ; 1.0                     ; 329 MB              ; 00:00:05                           ;
; Total                     ; 00:02:20     ; --                      ; --                  ; 00:02:18                           ;
+---------------------------+--------------+-------------------------+---------------------+------------------------------------+


+----------------------------------------------------------------------------------------+
; Flow OS Summary                                                                        ;
+---------------------------+------------------+-----------+------------+----------------+
; Module Name               ; Machine Hostname ; OS Name   ; OS Version ; Processor type ;
+---------------------------+------------------+-----------+------------+----------------+
; Analysis & Synthesis      ; ZedTop           ; Windows 7 ; 6.2        ; x86_64         ;
; Fitter                    ; ZedTop           ; Windows 7 ; 6.2        ; x86_64         ;
; Assembler                 ; ZedTop           ; Windows 7 ; 6.2        ; x86_64         ;
; TimeQuest Timing Analyzer ; ZedTop           ; Windows 7 ; 6.2        ; x86_64         ;
; EDA Netlist Writer        ; ZedTop           ; Windows 7 ; 6.2        ; x86_64         ;
; MIF/HEX Update            ; ZedTop           ; Windows 7 ; 6.2        ; x86_64         ;
; Assembler                 ; ZedTop           ; Windows 7 ; 6.2        ; x86_64         ;
; EDA Netlist Writer        ; ZedTop           ; Windows 7 ; 6.2        ; x86_64         ;
+---------------------------+------------------+-----------+------------+----------------+


------------
; Flow Log ;
------------
quartus_map --read_settings_files=on --write_settings_files=off Project -c Processor
quartus_fit --read_settings_files=off --write_settings_files=off Project -c Processor
quartus_asm --read_settings_files=off --write_settings_files=off Project -c Processor
quartus_sta Project -c Processor
quartus_eda --read_settings_files=off --write_settings_files=off Project -c Processor
quartus_cdb Project -c Processor --update_mif
quartus_asm --read_settings_files=on --write_settings_files=off Project -c Processor
quartus_eda --read_settings_files=off --write_settings_files=off Project -c Processor



